---
layout: mypost
title: 磁盘管理
categories: [Linux,磁盘管理]
---


# 磁盘管理



## 物理卷（PV）

- 逻辑卷管理最底层的部分，可以想象它是一个很大的箱子，可以把数据放进去



## 卷组 （VG）

- 卷组是由一个或多个物理卷组成的。可以把它看作一个更大的箱子    

  

## 逻辑卷（LV）

- 卷组中，可以创建多个逻辑卷，逻辑卷就像是这个大箱子（卷组）中的分隔间



### fdisk恢复磁盘默认状态

```bash
[系统未激活][root@localhost Desktop]# fdisk /dev/sdb
欢迎使用 fdisk (util-linux 2.23.2)。

更改将停留在内存中，直到您决定将更改写入磁盘。
使用写入命令前请三思。


命令(输入 m 获取帮助)：p

磁盘 /dev/sdb：53.7 GB, 53687091200 字节，104857600 个扇区
Units = 扇区 of 1 * 512 = 512 bytes
扇区大小(逻辑/物理)：512 字节 / 512 字节
I/O 大小(最小/最佳)：512 字节 / 512 字节
磁盘标签类型：dos
磁盘标识符：0x2e6dabb3

   设备 Boot      Start         End      Blocks   Id  System
/dev/sdb1            2048   104857599    52427776   83  Linux

命令(输入 m 获取帮助)：d
已选择分区 1
分区 1 已删除

命令(输入 m 获取帮助)：p

磁盘 /dev/sdb：53.7 GB, 53687091200 字节，104857600 个扇区
Units = 扇区 of 1 * 512 = 512 bytes
扇区大小(逻辑/物理)：512 字节 / 512 字节
I/O 大小(最小/最佳)：512 字节 / 512 字节
磁盘标签类型：dos
磁盘标识符：0x2e6dabb3

   设备 Boot      Start         End      Blocks   Id  System

命令(输入 m 获取帮助)：w
The partition table has been altered!

Calling ioctl() to re-read partition table.
正在同步磁盘。
[系统未激活][root@localhost Desktop]# wipefs -a /dev/sdb    ##清除文件系统签名（可选）
/dev/sdb：2 个字节已擦除，位置偏移为 0x000001fe (dos)：55 aa
/dev/sdb: calling ioclt to re-read partition table: 成功
[系统未激活][root@localhost Desktop]# fdisk  -l /dev/sdb

磁盘 /dev/sdb：53.7 GB, 53687091200 字节，104857600 个扇区
Units = 扇区 of 1 * 512 = 512 bytes
扇区大小(逻辑/物理)：512 字节 / 512 字节
I/O 大小(最小/最佳)：512 字节 / 512 字节

[系统未激活][root@localhost Desktop]# 


```



## LVM磁盘管理

````bash
系统未激活][root@localhost Desktop]# pvcreate /dev/sdb
  Physical volume "/dev/sdb" successfully created.
[系统未激活][root@localhost Desktop]# vgs
  VG       #PV #LV #SN Attr   VSize   VFree
  kylinsec   1   4   0 wz--n- <99.00g    0 
[系统未激活][root@localhost Desktop]# vgextend kylinsec /dev/sdb
  Volume group "kylinsec" successfully extended
[系统未激活][root@localhost Desktop]# vgs
  VG       #PV #LV #SN Attr   VSize   VFree  
  kylinsec   2   4   0 wz--n- 148.99g <50.00g
[系统未激活][root@localhost Desktop]# lvcreate -L 10G -n test1 kylinsec 
WARNING: ext4 signature detected on /dev/kylinsec/test1 at offset 1080. Wipe it? [y/n]: y
  Wiping ext4 signature on /dev/kylinsec/test1.
  Logical volume "test1" created.
    
    
---转换为ext4格式---

[系统未激活][root@localhost Desktop]# mkfs.ext4 /dev/mapper/kylinsec-test1 
mke2fs 1.43.6 (29-Aug-2017)
创建含有 2621440 个块（每块 4k）和 655360 个inode的文件系统
文件系统UUID：c97f6339-786b-48af-8eab-649bd7d717d8
超级块的备份存储于下列块： 
	32768, 98304, 163840, 229376, 294912, 819200, 884736, 1605632

正在分配组表： 完成                            
正在写入inode表： 完成                            
创建日志（16384 个块）完成
写入超级块和文件系统账户统计信息： 已完成

---转换为xfs格式---

[系统未激活][root@localhost Desktop]# mkfs.xfs /dev/mapper/kylinsec-test2 
meta-data=/dev/mapper/kylinsec-test2 isize=512    agcount=4, agsize=1310720 blks
         =                       sectsz=512   attr=2, projid32bit=1
         =                       crc=1        finobt=0, sparse=0
data     =                       bsize=4096   blocks=5242880, imaxpct=25
         =                       sunit=0      swidth=0 blks
naming   =version 2              bsize=4096   ascii-ci=0 ftype=1
log      =internal log           bsize=4096   blocks=2560, version=2
         =                       sectsz=512   sunit=0 blks, lazy-count=1
realtime =none                   extsz=4096   blocks=0, rtextents=0

------

[系统未激活][root@localhost Desktop]# mkdir /test1 
[系统未激活][root@localhost Desktop]# mount /dev/mapper/kylinsec-test1 /test1
[系统未激活][root@localhost Desktop]# df -TH
文件系统                   类型      容量  已用  可用 已用% 挂载点
devtmpfs                   devtmpfs  1.9G     0  1.9G    0% /dev
tmpfs                      tmpfs     2.0G     0  2.0G    0% /dev/shm
tmpfs                      tmpfs     2.0G   10M  2.0G    1% /run
tmpfs                      tmpfs     2.0G     0  2.0G    0% /sys/fs/cgroup
/dev/mapper/kylinsec-root  ext4       78G   16G   59G   22% /
/dev/sda1                  ext4      1.1G  254M  700M   27% /boot
/dev/mapper/kylinsec-data  ext4      1.3G  3.9M  1.2G    1% /data
/dev/mapper/kylinsec-home  ext4       22G   47M   20G    1% /home
tmpfs                      tmpfs     385M   37k  384M    1% /run/user/0
/dev/sr0                   iso9660   3.0G  3.0G     0  100% /run/media/root/KylinSec
/dev/mapper/kylinsec-test1 ext4       11G   38M   10G    1% /test1
```
````



- #### **磁盘扩容（ext4）**

```bash

[系统未激活][root@localhost Desktop]# lvextend -L +5G /dev/kylinsec/test1
  Size of logical volume kylinsec/test1 changed from 10.00 GiB (2560 extents) to 15.00 GiB (3840 extents).
  Logical volume kylinsec/test1 successfully resized.
[系统未激活][root@localhost Desktop]# resize2fs /dev/kylinsec/test1 
resize2fs 1.43.6 (29-Aug-2017)
/dev/kylinsec/test1 上的文件系统已被挂载于 /test1；需要进行在线调整大小

old_desc_blocks = 2, new_desc_blocks = 2
/dev/kylinsec/test1 上的文件系统现在为 3932160 个块（每块 4k）。

[系统未激活][root@localhost Desktop]# df -TH
文件系统                   类型      容量  已用  可用 已用% 挂载点
devtmpfs                   devtmpfs  1.9G     0  1.9G    0% /dev
tmpfs                      tmpfs     2.0G     0  2.0G    0% /dev/shm
tmpfs                      tmpfs     2.0G   10M  2.0G    1% /run
tmpfs                      tmpfs     2.0G     0  2.0G    0% /sys/fs/cgroup
/dev/mapper/kylinsec-root  ext4       78G   16G   59G   22% /
/dev/sda1                  ext4      1.1G  254M  700M   27% /boot
/dev/mapper/kylinsec-data  ext4      1.3G  3.9M  1.2G    1% /data
/dev/mapper/kylinsec-home  ext4       22G   47M   20G    1% /home
tmpfs                      tmpfs     385M   41k  384M    1% /run/user/0
/dev/sr0                   iso9660   3.0G  3.0G     0  100% /run/media/root/KylinSec
/dev/mapper/kylinsec-test1 ext4       16G   42M   15G    1% /test1
```



***缩容前需要卸载缩容的挂载点*  ** 

```bash

[系统未激活][root@localhost Desktop]# umount /test1
umount: /test1：目标忙。
        (有些情况下通过 lsof(8) 或 fuser(1) 可以
         找到有关使用该设备的进程的有用信息)
系统未激活][root@localhost Desktop]# fuser -v /test1
                     用户     进程号 权限   命令
/test1:              root     kernel mount /test1
                     root      34595 ..c.. bash
[系统未激活][root@localhost Desktop]# fuser -k /test1
/test1:              34595c
[系统未激活][root@localhost Desktop]# fuser -v /test1
                     用户     进程号 权限   命令
/test1:              root     kernel mount /test1
```



- ### **磁盘缩容（ext4）**

```bash

[系统未激活][root@localhost Desktop]# umount /test1
[系统未激活][root@localhost Desktop]# df -TH
文件系统                  类型      容量  已用  可用 已用% 挂载点
devtmpfs                  devtmpfs  1.9G     0  1.9G    0% /dev
tmpfs                     tmpfs     2.0G     0  2.0G    0% /dev/shm
tmpfs                     tmpfs     2.0G   10M  2.0G    1% /run
tmpfs                     tmpfs     2.0G     0  2.0G    0% /sys/fs/cgroup
/dev/mapper/kylinsec-root ext4       78G   16G   59G   22% /
/dev/sda1                 ext4      1.1G  254M  700M   27% /boot
/dev/mapper/kylinsec-data ext4      1.3G  3.9M  1.2G    1% /data
/dev/mapper/kylinsec-home ext4       22G   47M   20G    1% /home
tmpfs                     tmpfs     385M   37k  384M    1% /run/user/0
/dev/sr0                  iso9660   3.0G  3.0G     0  100% /run/media/root/KylinSec
[系统未激活][root@localhost Desktop]# resize2fs /dev/mapper/kylinsec-test1 8G
resize2fs 1.43.6 (29-Aug-2017)
请先运行“e2fsck -f /dev/mapper/kylinsec-test1”。

[系统未激活][root@localhost Desktop]# e2fsck -f /dev/mapper/kylinsec-test1 
e2fsck 1.43.6 (29-Aug-2017)
第 1 步：检查inode、块和大小
第 2 步：检查目录结构
第 3 步：检查目录连接性
第 4 步：检查引用计数
第 5 步：检查组概要信息
/dev/mapper/kylinsec-test1：11/983040 文件（0.0% 为非连续的）， 88340/3932160 块
[系统未激活][root@localhost Desktop]# resize2fs /dev/mapper/kylinsec-test1 8G
resize2fs 1.43.6 (29-Aug-2017)
将 /dev/mapper/kylinsec-test1 上的文件系统调整为 2097152 个块（每块 4k）。
/dev/mapper/kylinsec-test1 上的文件系统现在为 2097152 个块（每块 4k）。

[系统未激活][root@localhost Desktop]# lvreduce -L 8G /dev/kylinsec/test1 
  WARNING: Reducing active logical volume to 8.00 GiB.
  THIS MAY DESTROY YOUR DATA (filesystem etc.)
Do you really want to reduce kylinsec/test1? [y/n]: y
  Size of logical volume kylinsec/test1 changed from 15.00 GiB (3840 extents) to 8.00 GiB (2048 extents).
  Logical volume kylinsec/test1 successfully resized.
[系统未激活][root@localhost Desktop]# vi /etc/fstab 

/dev/mapper/kylinsec-test1  /test1             ext4    defaults           0 0
                                          ## 0使用dump是否要记录   0 表示开机不自检

```



## **xfs类型格式**

- ### **磁盘扩容（xfs）**

```bash

[系统未激活][root@localhost Desktop]# lvextend -L 30G /dev/kylinsec/test2
  Size of logical volume kylinsec/test2 changed from 20.00 GiB (5120 extents) to 30.00 GiB (7680 extents).
  Logical volume kylinsec/test2 successfully resized.
[系统未激活][root@localhost Desktop]# xfs_growfs /dev/mapper/kylinsec-test2
meta-data=/dev/mapper/kylinsec-test2 isize=512    agcount=4, agsize=1310720 blks
         =                       sectsz=512   attr=2, projid32bit=1
         =                       crc=1        finobt=0 spinodes=0
data     =                       bsize=4096   blocks=5242880, imaxpct=25
         =                       sunit=0      swidth=0 blks
naming   =version 2              bsize=4096   ascii-ci=0 ftype=1
log      =internal               bsize=4096   blocks=2560, version=2
         =                       sectsz=512   sunit=0 blks, lazy-count=1
realtime =none                   extsz=4096   blocks=0, rtextents=0
data blocks changed from 5242880 to 7864320
[系统未激活][root@localhost Desktop]# df -TH
文件系统                   类型      容量  已用  可用 已用% 挂载点
devtmpfs                   devtmpfs  1.9G     0  1.9G    0% /dev
tmpfs                      tmpfs     2.0G     0  2.0G    0% /dev/shm
tmpfs                      tmpfs     2.0G   10M  2.0G    1% /run
tmpfs                      tmpfs     2.0G     0  2.0G    0% /sys/fs/cgroup
/dev/mapper/kylinsec-root  ext4       78G   16G   59G   22% /
/dev/sda1                  ext4      1.1G  254M  700M   27% /boot
/dev/mapper/kylinsec-data  ext4      1.3G  3.9M  1.2G    1% /data
/dev/mapper/kylinsec-home  ext4       22G   47M   20G    1% /home
tmpfs                      tmpfs     385M   29k  384M    1% /run/user/0
/dev/sr0                   iso9660   3.0G  3.0G     0  100% /run/media/root/KylinSec
/dev/mapper/kylinsec-test1 ext4      8.4G   38M  8.0G    1% /test1
/dev/mapper/kylinsec-test2 xfs        33G   34M   33G    1% /test2
[系统未激活][root@localhost Desktop]# 
```

### xfs类型磁盘

XFS不支持缩小文件系统，所以在创建时就要准确分配空间，避免以后需要缩容，如果一定要缩容，可以删除不需要或者进行备份某个逻辑卷的文件，再重新创建这个逻辑卷

```bash
系统未激活][root@localhost Desktop]# df -TH
文件系统                   类型      容量  已用  可用 已用% 挂载点
devtmpfs                   devtmpfs  1.9G     0  1.9G    0% /dev
tmpfs                      tmpfs     2.0G     0  2.0G    0% /dev/shm
tmpfs                      tmpfs     2.0G   10M  2.0G    1% /run
tmpfs                      tmpfs     2.0G     0  2.0G    0% /sys/fs/cgroup
/dev/mapper/kylinsec-root  ext4       78G   16G   59G   22% /
/dev/sda1                  ext4      1.1G  254M  700M   27% /boot
/dev/mapper/kylinsec-data  ext4      1.3G  3.9M  1.2G    1% /data
/dev/mapper/kylinsec-home  ext4       22G   47M   20G    1% /home
tmpfs                      tmpfs     385M   29k  384M    1% /run/user/0
/dev/sr0                iso9660   3.0G  3.0G     0  100% /run/media/root/KylinSec
/dev/mapper/kylinsec-test1 ext4      8.4G   38M  8.0G    1% /test1
/dev/mapper/kylinsec-test2 xfs        33G   34M   33G    1% /test2

[系统未激活][root@localhost Desktop]# umount /test1
[系统未激活][root@localhost Desktop]# df -TH
文件系统                   类型      容量  已用  可用 已用% 挂载点
devtmpfs                   devtmpfs  1.9G     0  1.9G    0% /dev
tmpfs                      tmpfs     2.0G     0  2.0G    0% /dev/shm
tmpfs                      tmpfs     2.0G   10M  2.0G    1% /run
tmpfs                      tmpfs     2.0G     0  2.0G    0% /sys/fs/cgroup
/dev/mapper/kylinsec-root  ext4       78G   16G   59G   22% /
/dev/sda1                  ext4      1.1G  254M  700M   27% /boot
/dev/mapper/kylinsec-data  ext4      1.3G  3.9M  1.2G    1% /data
/dev/mapper/kylinsec-home  ext4       22G   47M   20G    1% /home
tmpfs                      tmpfs     385M   29k  384M    1% /run/user/0
/dev/sr0                   iso9660   3.0G  3.0G     0  100% /run/media/root/KylinSec
/dev/mapper/kylinsec-test2 xfs        33G   34M   33G    1% /test2

## test2扩容

[系统未激活][root@localhost Desktop]# lvremove /dev/kylinsec/test1 
Do you really want to remove active logical volume kylinsec/test1? [y/n]: y
  Logical volume "test1" successfully removed
[系统未激活][root@localhost Desktop]# lvextend -L +5G /dev/kylinsec/test2 
  Size of logical volume kylinsec/test2 changed from 30.00 GiB (7680 extents) to 35.00 GiB (8960 extents).
  Logical volume kylinsec/test2 successfully resized.
[系统未激活][root@localhost Desktop]# xfs_growfs /dev/kylinsec/test2 
meta-data=/dev/mapper/kylinsec-test2 isize=512    agcount=6, agsize=1310720 blks
         =                       sectsz=512   attr=2, projid32bit=1
         =                       crc=1        finobt=0 spinodes=0
data     =                       bsize=4096   blocks=7864320, imaxpct=25
         =                       sunit=0      swidth=0 blks
naming   =version 2              bsize=4096   ascii-ci=0 ftype=1
log      =internal               bsize=4096   blocks=2560, version=2
         =                       sectsz=512   sunit=0 blks, lazy-count=1
realtime =none                   extsz=4096   blocks=0, rtextents=0
data blocks changed from 7864320 to 9175040
[系统未激活][root@localhost Desktop]# df -TH
文件系统                   类型      容量  已用  可用 已用% 挂载点
devtmpfs                   devtmpfs  1.9G     0  1.9G    0% /dev
tmpfs                      tmpfs     2.0G     0  2.0G    0% /dev/shm
tmpfs                      tmpfs     2.0G   10M  2.0G    1% /run
tmpfs                      tmpfs     2.0G     0  2.0G    0% /sys/fs/cgroup
/dev/mapper/kylinsec-root  ext4       78G   16G   59G   22% /
/dev/sda1                  ext4      1.1G  254M  700M   27% /boot
/dev/mapper/kylinsec-data  ext4      1.3G  3.9M  1.2G    1% /data
/dev/mapper/kylinsec-home  ext4       22G   47M   20G    1% /home
tmpfs                      tmpfs     385M   29k  384M    1% /run/user/0
/dev/sr0                   iso9660   3.0G  3.0G     0  100% /run/media/root/KylinSec
/dev/mapper/kylinsec-test2 xfs        38G   34M   38G    1% /test2

## 重新创建3G的test1逻辑卷

[系统未激活][root@localhost Desktop]# lvcreate -L 3G -n test1 kylinsec 
WARNING: ext4 signature detected on /dev/kylinsec/test1 at offset 1080. Wipe it? [y/n]: y
  Wiping ext4 signature on /dev/kylinsec/test1.
  Logical volume "test1" created.
[系统未激活][root@localhost Desktop]# mkfs.ext4 /dev/mapper/kylinsec-test1 
mke2fs 1.43.6 (29-Aug-2017)
创建含有 786432 个块（每块 4k）和 196608 个inode的文件系统
文件系统UUID：91565296-ec5f-4eae-8a0e-235c41ebb5e5
超级块的备份存储于下列块： 
	32768, 98304, 163840, 229376, 294912

正在分配组表： 完成                            
正在写入inode表： 完成                            
创建日志（16384 个块）完成
写入超级块和文件系统账户统计信息： 已完成

[系统未激活][root@localhost Desktop]# vi /etc/fstab 

/dev/mapper/kylinsec-test1  /test1             ext4    defaults           0 0


[系统未激活][root@localhost Desktop]# mount -a
[系统未激活][root@localhost Desktop]# df -TH
文件系统                   类型      容量  已用  可用 已用% 挂载点
devtmpfs                   devtmpfs  1.9G     0  1.9G    0% /dev
tmpfs                      tmpfs     2.0G     0  2.0G    0% /dev/shm
tmpfs                      tmpfs     2.0G   10M  2.0G    1% /run
tmpfs                      tmpfs     2.0G     0  2.0G    0% /sys/fs/cgroup
/dev/mapper/kylinsec-root  ext4       78G   16G   59G   22% /
/dev/sda1                  ext4      1.1G  254M  700M   27% /boot
/dev/mapper/kylinsec-data  ext4      1.3G  3.9M  1.2G    1% /data
/dev/mapper/kylinsec-home  ext4       22G   47M   20G    1% /home
tmpfs                      tmpfs     385M   29k  384M    1% /run/user/0
/dev/sr0                   iso9660   3.0G  3.0G     0  100% /run/media/root/KylinSec
/dev/mapper/kylinsec-test2 xfs        38G   34M   38G    1% /test2
/dev/mapper/kylinsec-test1 ext4      3.2G  9.5M  3.0G    1% /test1
[系统未激活][root@localhost Desktop]# 

```





[md文件下载](磁盘管理.md)
---




<p align="right">作于2024年08月16日</p>